---
source: crates/air_formatter_test/src/snapshot_builder.rs
info: r/binary_expression_sticky.R
---
# Input

```R
# Whitespace is trimmed
a $ b
a @ b
a :: b
a ::: b
1 ? 2
1 ** 2
1 ^ 2
1 : 2

# The symbol is sticky to the operator, there is never a line break immediately after `$`
argument_that_is_quite_quite_quite_quite_long$argument_that_is_quite_quite_quite_long
argument_that_is_quite_quite_quite_quite_long@argument_that_is_quite_quite_quite_long
argument_that_is_quite_quite_quite_quite_long::argument_that_is_quite_quite_quite_long
argument_that_is_quite_quite_quite_quite_long:::argument_that_is_quite_quite_quite_long
argument_that_is_quite_quite_quite_quite_long?argument_that_is_quite_quite_quite_quite_long
argument_that_is_quite_quite_quite_quite_long**argument_that_is_quite_quite_quite_quite_long
argument_that_is_quite_quite_quite_quite_long^argument_that_is_quite_quite_quite_quite_long
argument_that_is_quite_quite_quite_quite_long:argument_that_is_quite_quite_quite_quite_long

# If the RHS contains other complex expressions, they are allowed to break
argument_that_is_quite_quite_quite_quite_long$argument_that_is_quite_quite_quite_long(argument_that_is_quite_quite_quite_long)
argument_that_is_quite_quite_quite_quite_long@argument_that_is_quite_quite_quite_long(argument_that_is_quite_quite_quite_long)
argument_that_is_quite_quite_quite_quite_long::argument_that_is_quite_quite_quite_long(argument_that_is_quite_quite_quite_long)
argument_that_is_quite_quite_quite_quite_long:::argument_that_is_quite_quite_quite_long(argument_that_is_quite_quite_quite_long)
argument_that_is_quite_quite_quite_quite_long?argument_that_is_quite_quite_quite_quite_long(argument_that_is_quite_quite_quite_long)
argument_that_is_quite_quite_quite_quite_long**argument_that_is_quite_quite_quite_quite_long(argument_that_is_quite_quite_quite_long)
argument_that_is_quite_quite_quite_quite_long^argument_that_is_quite_quite_quite_quite_long(argument_that_is_quite_quite_quite_long)
argument_that_is_quite_quite_quite_quite_long:argument_that_is_quite_quite_quite_quite_long(argument_that_is_quite_quite_quite_long)

# `$` and `@` and regular binary operators are allowed complex expressions on their LHS
argument_that_is_quite_quite_quite_quite_long(argument_that_is_quite_quite_quite_long)$argument_that_is_quite_quite_quite_long
argument_that_is_quite_quite_quite_quite_long(argument_that_is_quite_quite_quite_long)@argument_that_is_quite_quite_quite_long
argument_that_is_quite_quite_quite_quite_long(argument_that_is_quite_quite_quite_long)?argument_that_is_quite_quite_quite_quite_long
argument_that_is_quite_quite_quite_quite_long(argument_that_is_quite_quite_quite_long)**argument_that_is_quite_quite_quite_quite_long
argument_that_is_quite_quite_quite_quite_long(argument_that_is_quite_quite_quite_long)^argument_that_is_quite_quite_quite_quite_long
argument_that_is_quite_quite_quite_quite_long(argument_that_is_quite_quite_quite_long):argument_that_is_quite_quite_quite_quite_long

# Chaining of method calls
argument_that_is_quite_quite_quite_quite_long(argument_that_is_quite_quite_quite_long)$argument_that_is_quite_quite_quite_long(argument_that_is_quite_quite_quite_long)
argument_that_is_quite_quite_quite_quite_long(argument_that_is_quite_quite_quite_long)@argument_that_is_quite_quite_quite_long(argument_that_is_quite_quite_quite_long)argument_that_is_quite_quite_quite_quite_long(argument_that_is_quite_quite_quite_long)?argument_that_is_quite_quite_quite_quite_long(argument_that_is_quite_quite_quite_long)
argument_that_is_quite_quite_quite_quite_long(argument_that_is_quite_quite_quite_long)**argument_that_is_quite_quite_quite_quite_long(argument_that_is_quite_quite_quite_long)
argument_that_is_quite_quite_quite_quite_long(argument_that_is_quite_quite_quite_long)^argument_that_is_quite_quite_quite_quite_long(argument_that_is_quite_quite_quite_long)
argument_that_is_quite_quite_quite_quite_long(argument_that_is_quite_quite_quite_long):argument_that_is_quite_quite_quite_quite_long(argument_that_is_quite_quite_quite_long)

```


=============================

# Outputs

## Output 1

-----
Indent style: Space
Indent width: 2
Line ending: LF
Line width: 80
Persistent line breaks: Respect
-----

```R
# Whitespace is trimmed
a$b
a@b
a::b
a:::b
1?2
1**2
1^2
1:2

# The symbol is sticky to the operator, there is never a line break immediately after `$`
argument_that_is_quite_quite_quite_quite_long$argument_that_is_quite_quite_quite_long
argument_that_is_quite_quite_quite_quite_long@argument_that_is_quite_quite_quite_long
argument_that_is_quite_quite_quite_quite_long::argument_that_is_quite_quite_quite_long
argument_that_is_quite_quite_quite_quite_long:::argument_that_is_quite_quite_quite_long
argument_that_is_quite_quite_quite_quite_long?argument_that_is_quite_quite_quite_quite_long
argument_that_is_quite_quite_quite_quite_long**argument_that_is_quite_quite_quite_quite_long
argument_that_is_quite_quite_quite_quite_long^argument_that_is_quite_quite_quite_quite_long
argument_that_is_quite_quite_quite_quite_long:argument_that_is_quite_quite_quite_quite_long

# If the RHS contains other complex expressions, they are allowed to break
argument_that_is_quite_quite_quite_quite_long$argument_that_is_quite_quite_quite_long(
  argument_that_is_quite_quite_quite_long
)
argument_that_is_quite_quite_quite_quite_long@argument_that_is_quite_quite_quite_long(
  argument_that_is_quite_quite_quite_long
)
argument_that_is_quite_quite_quite_quite_long::argument_that_is_quite_quite_quite_long(
  argument_that_is_quite_quite_quite_long
)
argument_that_is_quite_quite_quite_quite_long:::argument_that_is_quite_quite_quite_long(
  argument_that_is_quite_quite_quite_long
)
argument_that_is_quite_quite_quite_quite_long?argument_that_is_quite_quite_quite_quite_long(
  argument_that_is_quite_quite_quite_long
)
argument_that_is_quite_quite_quite_quite_long**argument_that_is_quite_quite_quite_quite_long(
  argument_that_is_quite_quite_quite_long
)
argument_that_is_quite_quite_quite_quite_long^argument_that_is_quite_quite_quite_quite_long(
  argument_that_is_quite_quite_quite_long
)
argument_that_is_quite_quite_quite_quite_long:argument_that_is_quite_quite_quite_quite_long(
  argument_that_is_quite_quite_quite_long
)

# `$` and `@` and regular binary operators are allowed complex expressions on their LHS
argument_that_is_quite_quite_quite_quite_long(
  argument_that_is_quite_quite_quite_long
)$argument_that_is_quite_quite_quite_long
argument_that_is_quite_quite_quite_quite_long(
  argument_that_is_quite_quite_quite_long
)@argument_that_is_quite_quite_quite_long
argument_that_is_quite_quite_quite_quite_long(
  argument_that_is_quite_quite_quite_long
)?argument_that_is_quite_quite_quite_quite_long
argument_that_is_quite_quite_quite_quite_long(
  argument_that_is_quite_quite_quite_long
)**argument_that_is_quite_quite_quite_quite_long
argument_that_is_quite_quite_quite_quite_long(
  argument_that_is_quite_quite_quite_long
)^argument_that_is_quite_quite_quite_quite_long
argument_that_is_quite_quite_quite_quite_long(
  argument_that_is_quite_quite_quite_long
):argument_that_is_quite_quite_quite_quite_long

# Chaining of method calls
argument_that_is_quite_quite_quite_quite_long(
  argument_that_is_quite_quite_quite_long
)$argument_that_is_quite_quite_quite_long(
  argument_that_is_quite_quite_quite_long
)
argument_that_is_quite_quite_quite_quite_long(
  argument_that_is_quite_quite_quite_long
)@argument_that_is_quite_quite_quite_long(
  argument_that_is_quite_quite_quite_long
)
argument_that_is_quite_quite_quite_quite_long(
  argument_that_is_quite_quite_quite_long
)?argument_that_is_quite_quite_quite_quite_long(
  argument_that_is_quite_quite_quite_long
)
argument_that_is_quite_quite_quite_quite_long(
  argument_that_is_quite_quite_quite_long
)**argument_that_is_quite_quite_quite_quite_long(
  argument_that_is_quite_quite_quite_long
)
argument_that_is_quite_quite_quite_quite_long(
  argument_that_is_quite_quite_quite_long
)^argument_that_is_quite_quite_quite_quite_long(
  argument_that_is_quite_quite_quite_long
)
argument_that_is_quite_quite_quite_quite_long(
  argument_that_is_quite_quite_quite_long
):argument_that_is_quite_quite_quite_quite_long(
  argument_that_is_quite_quite_quite_long
)
```

# Lines exceeding max width of 80 characters
```
   11: # The symbol is sticky to the operator, there is never a line break immediately after `$`
   12: argument_that_is_quite_quite_quite_quite_long$argument_that_is_quite_quite_quite_long
   13: argument_that_is_quite_quite_quite_quite_long@argument_that_is_quite_quite_quite_long
   14: argument_that_is_quite_quite_quite_quite_long::argument_that_is_quite_quite_quite_long
   15: argument_that_is_quite_quite_quite_quite_long:::argument_that_is_quite_quite_quite_long
   16: argument_that_is_quite_quite_quite_quite_long?argument_that_is_quite_quite_quite_quite_long
   17: argument_that_is_quite_quite_quite_quite_long**argument_that_is_quite_quite_quite_quite_long
   18: argument_that_is_quite_quite_quite_quite_long^argument_that_is_quite_quite_quite_quite_long
   19: argument_that_is_quite_quite_quite_quite_long:argument_that_is_quite_quite_quite_quite_long
   22: argument_that_is_quite_quite_quite_quite_long$argument_that_is_quite_quite_quite_long(
   25: argument_that_is_quite_quite_quite_quite_long@argument_that_is_quite_quite_quite_long(
   28: argument_that_is_quite_quite_quite_quite_long::argument_that_is_quite_quite_quite_long(
   31: argument_that_is_quite_quite_quite_quite_long:::argument_that_is_quite_quite_quite_long(
   34: argument_that_is_quite_quite_quite_quite_long?argument_that_is_quite_quite_quite_quite_long(
   37: argument_that_is_quite_quite_quite_quite_long**argument_that_is_quite_quite_quite_quite_long(
   40: argument_that_is_quite_quite_quite_quite_long^argument_that_is_quite_quite_quite_quite_long(
   43: argument_that_is_quite_quite_quite_quite_long:argument_that_is_quite_quite_quite_quite_long(
   47: # `$` and `@` and regular binary operators are allowed complex expressions on their LHS
```
