---
source: crates/air_formatter_test/src/snapshot_builder.rs
info: r/call.R
---
# Input

```R
fn()
fn(a)
fn(a = 1, ... = 2)

# Holes
fn(,)
fn(,,)
fn(a,,b,,)
fn(a_really_long_argument_here,,another_really_really_long_argument_to_test_this_feature,,)

# Dots
fn(...)
fn(..., a = 1)
fn(a = 1, another_really_really_long_argument_to_test_this_feature, a_really_long_argument_here, ...)

# TODO: Since this fits, should it prefer putting `with(data, {` on 1 line?
with(
  data,
  {
    col
  }
)

fn(a = { 1 + 1 })

# TODO: We need to fix this case. I think our `should_join_arguments_with_space()`
# rule is wrong. We probably also need to use `will_break()` on the arguments
# individually, and if any of them break then we fall back to full expansion?
# Look for `non_grouped_breaks` in `call_arguments.rs` on the JS side for a
# similar idea (but note this is likely an expensive operation).
fn({ 1 + 1 }, {
	1 + 1
})

# Inline functions are not captured by the trailing braced expression feature,
# we always allow for full expansion here
lapply(my_long_list_my_long_list_my_long_list_my_long_list, function(my_long_argument) {
  my_long_body_my_long_body_my_long_body_my_long_body_my_long_body
})

# Comments
fn(
  # dangling special case
)

# Test calls

# Trailing braced expression
test_that("description", {
	1 + 1
})

test_that("description that is super long and actually exceeds the line limit but we arent going to break!", {
	1 + 1
})

test_that(desc = "description that is super long and actually exceeds the line limit but we arent going to break!", code = {
	1 + 1
})

# Opening brace it moved back onto first line because this is `test_that`
test_that("description that is super long and actually exceeds the line limit but we arent going to break!",
{
	1 + 1
})

# Both arguments are reflowed because this is `test_that`
test_that(
  "description that is super long and actually exceeds the line limit but we arent going to break!", {
	1 + 1
})

```


=============================

# Outputs

## Output 1

-----
Indent style: Tab
Indent width: 2
Line ending: LF
Line width: 80
-----

```R
fn()
fn(a)
fn(a = 1, ... = 2)

# Holes
fn(, )
fn(, , )
fn(a, , b, , )
fn(
	a_really_long_argument_here,
	,
	another_really_really_long_argument_to_test_this_feature,
	,
)

# Dots
fn(...)
fn(..., a = 1)
fn(
	a = 1,
	another_really_really_long_argument_to_test_this_feature,
	a_really_long_argument_here,
	...
)

# TODO: Since this fits, should it prefer putting `with(data, {` on 1 line?
with(
	data,
	{
		col
	}
)

fn(a = {
	1 + 1
})

# TODO: We need to fix this case. I think our `should_join_arguments_with_space()`
# rule is wrong. We probably also need to use `will_break()` on the arguments
# individually, and if any of them break then we fall back to full expansion?
# Look for `non_grouped_breaks` in `call_arguments.rs` on the JS side for a
# similar idea (but note this is likely an expensive operation).
fn({
	1 + 1
}, {
	1 + 1
})

# Inline functions are not captured by the trailing braced expression feature,
# we always allow for full expansion here
lapply(
	my_long_list_my_long_list_my_long_list_my_long_list,
	function(my_long_argument) {
		my_long_body_my_long_body_my_long_body_my_long_body_my_long_body
	}
)

# Comments
fn(
	# dangling special case
)

# Test calls

# Trailing braced expression
test_that("description", {
	1 + 1
})

test_that("description that is super long and actually exceeds the line limit but we arent going to break!", {
	1 + 1
})

test_that(desc = "description that is super long and actually exceeds the line limit but we arent going to break!", code = {
	1 + 1
})

# Opening brace it moved back onto first line because this is `test_that`
test_that("description that is super long and actually exceeds the line limit but we arent going to break!", {
	1 + 1
})

# Both arguments are reflowed because this is `test_that`
test_that("description that is super long and actually exceeds the line limit but we arent going to break!", {
	1 + 1
})
```

# Lines exceeding max width of 80 characters
```
   38: # TODO: We need to fix this case. I think our `should_join_arguments_with_space()`
   70: test_that("description that is super long and actually exceeds the line limit but we arent going to break!", {
   74: test_that(desc = "description that is super long and actually exceeds the line limit but we arent going to break!", code = {
   79: test_that("description that is super long and actually exceeds the line limit but we arent going to break!", {
   84: test_that("description that is super long and actually exceeds the line limit but we arent going to break!", {
```
