---
source: crates/air_formatter_test/src/snapshot_builder.rs
info: r/repeat_statement.R
---
# Input

```R
repeat 1

repeat {}

repeat { # a comment
}

repeat { # comment1
  # comment2
  1 + 1
}

repeat # comment1
{
  # comment2
  1 + 1
}

repeat # comment1
{}

repeat # comment1
{
  # comment2
}

repeat
# comment1
{
  1 + 1
}

# comment1
repeat
{
  # comment2
  1 + 1
}

repeat # comment1
  1

```


=============================

# Outputs

## Output 1

-----
Indent style: Space
Indent width: 2
Line ending: LF
Line width: 80
Magic line break: Respect
-----

```R
repeat 1

repeat {
}

repeat {
  # a comment
}

repeat {
  # comment1
  # comment2
  1 + 1
}

repeat {
  # comment1
  # comment2
  1 + 1
}

repeat {
  # comment1
}

repeat {
  # comment1
  # comment2
}

repeat {
  # comment1
  1 + 1
}

# comment1
repeat {
  # comment2
  1 + 1
}

repeat
  # comment1
  1
```
