---
source: crates/air_formatter_test/src/snapshot_builder.rs
info: r/while_statement.R
---
# Input

```R
while(a){}

while(a) {
  1 + 1
}

while({ complex }) {
  1 + 1
}

while(super_long_function_name_is_true_man_this_is_a_really_really_long_function()) {
  1 + 1
}

# ------------------------------------------------------------------------------
# Autobracing

while(a)a

while(a) 
  a

# ------------------------------------------------------------------------------
# Comments

while # leads while
(a) {
  1 + 1
}

while
# leads while
(a) {
  1 + 1
}

while(a # leads while
) {
  1 + 1
}

while(a
# leads while
) {
  1 + 1
}

while( # leads while
  a) {
  1 + 1
}

while(
  # leads while
  a) {
  1 + 1
}

while(
  a
  # leads while
) {
  1 + 1
}

while(a) # leads while
{
  1 + 1
}

while(a)
# leads while
{
  1 + 1
}

while(a) # leads while
{}

while(a) # leads while
1

while(a) # leads while
{
  # dangles {}
}

```


=============================

# Outputs

## Output 1

-----
Indent style: Space
Indent width: 2
Line ending: LF
Line width: 80
Persistent line breaks: Respect
Skip: None
-----

```R
while (a) {
}

while (a) {
  1 + 1
}

while (
  {
    complex
  }
) {
  1 + 1
}

while (
  super_long_function_name_is_true_man_this_is_a_really_really_long_function()
) {
  1 + 1
}

# ------------------------------------------------------------------------------
# Autobracing

while (a) {
  a
}

while (a) {
  a
}

# ------------------------------------------------------------------------------
# Comments

# leads while
while (a) {
  1 + 1
}

# leads while
while (a) {
  1 + 1
}

# leads while
while (a) {
  1 + 1
}

# leads while
while (a) {
  1 + 1
}

# leads while
while (a) {
  1 + 1
}

# leads while
while (a) {
  1 + 1
}

# leads while
while (a) {
  1 + 1
}

# leads while
while (a) {
  1 + 1
}

# leads while
while (a) {
  1 + 1
}

# leads while
while (a) {
}

# leads while
while (a) {
  1
}

# leads while
while (a) {
  # dangles {}
}
```
