---
source: crates/air_formatter_test/src/snapshot_builder.rs
info: r/table/table-no-default.R
---
# Input

```R
#' [format]
#' table = ["foo"]
#' default-table = false

# Should not format as table
tribble(
~x,~y,
1,2,
3,4
)

# Should not format as table
fcase(
x<5L,1L,
x>5L,3L,
default=5L
)

foo(
~x,~y,
1,2,
3,4
)

```


=============================

# Outputs

## Output 1

-----
Indent style: Space
Indent width: 2
Line ending: LF
Line width: 80
Persistent line breaks: Respect
Table: foo
-----

```R
#' [format]
#' table = ["foo"]
#' default-table = false

# Should not format as table
tribble(
  ~x,
  ~y,
  1,
  2,
  3,
  4
)

# Should not format as table
fcase(
  x < 5L,
  1L,
  x > 5L,
  3L,
  default = 5L
)

foo(
  ~x , ~y ,
   1 ,  2 ,
   3 ,  4
)
```
