---
source: crates/air_r_parser/tests/spec_test.rs
expression: snapshot
---
## Input

```R
a$b
a@b

a$`b`
a@`b`

a$"b"
a@"b"

a()$b
a()@b

a$b$c
a@b@c

a$b()
a@b()

a$...
a@...

a$..1
a@..1

a$..10
a@..10

```


## AST

```
RRoot {
    bom_token: missing (optional),
    expressions: RExpressionList [
        RExtractExpression {
            left: RIdentifier {
                name_token: IDENT@0..1 "a" [] [],
            },
            operator: DOLLAR@1..2 "$" [] [],
            right: RIdentifier {
                name_token: IDENT@2..3 "b" [] [],
            },
        },
        RExtractExpression {
            left: RIdentifier {
                name_token: IDENT@3..5 "a" [Newline("\n")] [],
            },
            operator: AT@5..6 "@" [] [],
            right: RIdentifier {
                name_token: IDENT@6..7 "b" [] [],
            },
        },
        RExtractExpression {
            left: RIdentifier {
                name_token: IDENT@7..10 "a" [Newline("\n"), Newline("\n")] [],
            },
            operator: DOLLAR@10..11 "$" [] [],
            right: RIdentifier {
                name_token: IDENT@11..14 "`b`" [] [],
            },
        },
        RExtractExpression {
            left: RIdentifier {
                name_token: IDENT@14..16 "a" [Newline("\n")] [],
            },
            operator: AT@16..17 "@" [] [],
            right: RIdentifier {
                name_token: IDENT@17..20 "`b`" [] [],
            },
        },
        RExtractExpression {
            left: RIdentifier {
                name_token: IDENT@20..23 "a" [Newline("\n"), Newline("\n")] [],
            },
            operator: DOLLAR@23..24 "$" [] [],
            right: RStringValue {
                value_token: R_STRING_LITERAL@24..27 "\"b\"" [] [],
            },
        },
        RExtractExpression {
            left: RIdentifier {
                name_token: IDENT@27..29 "a" [Newline("\n")] [],
            },
            operator: AT@29..30 "@" [] [],
            right: RStringValue {
                value_token: R_STRING_LITERAL@30..33 "\"b\"" [] [],
            },
        },
        RExtractExpression {
            left: RCall {
                function: RIdentifier {
                    name_token: IDENT@33..36 "a" [Newline("\n"), Newline("\n")] [],
                },
                arguments: RCallArguments {
                    l_paren_token: L_PAREN@36..37 "(" [] [],
                    items: RArgumentList [],
                    r_paren_token: R_PAREN@37..38 ")" [] [],
                },
            },
            operator: DOLLAR@38..39 "$" [] [],
            right: RIdentifier {
                name_token: IDENT@39..40 "b" [] [],
            },
        },
        RExtractExpression {
            left: RCall {
                function: RIdentifier {
                    name_token: IDENT@40..42 "a" [Newline("\n")] [],
                },
                arguments: RCallArguments {
                    l_paren_token: L_PAREN@42..43 "(" [] [],
                    items: RArgumentList [],
                    r_paren_token: R_PAREN@43..44 ")" [] [],
                },
            },
            operator: AT@44..45 "@" [] [],
            right: RIdentifier {
                name_token: IDENT@45..46 "b" [] [],
            },
        },
        RExtractExpression {
            left: RExtractExpression {
                left: RIdentifier {
                    name_token: IDENT@46..49 "a" [Newline("\n"), Newline("\n")] [],
                },
                operator: DOLLAR@49..50 "$" [] [],
                right: RIdentifier {
                    name_token: IDENT@50..51 "b" [] [],
                },
            },
            operator: DOLLAR@51..52 "$" [] [],
            right: RIdentifier {
                name_token: IDENT@52..53 "c" [] [],
            },
        },
        RExtractExpression {
            left: RExtractExpression {
                left: RIdentifier {
                    name_token: IDENT@53..55 "a" [Newline("\n")] [],
                },
                operator: AT@55..56 "@" [] [],
                right: RIdentifier {
                    name_token: IDENT@56..57 "b" [] [],
                },
            },
            operator: AT@57..58 "@" [] [],
            right: RIdentifier {
                name_token: IDENT@58..59 "c" [] [],
            },
        },
        RCall {
            function: RExtractExpression {
                left: RIdentifier {
                    name_token: IDENT@59..62 "a" [Newline("\n"), Newline("\n")] [],
                },
                operator: DOLLAR@62..63 "$" [] [],
                right: RIdentifier {
                    name_token: IDENT@63..64 "b" [] [],
                },
            },
            arguments: RCallArguments {
                l_paren_token: L_PAREN@64..65 "(" [] [],
                items: RArgumentList [],
                r_paren_token: R_PAREN@65..66 ")" [] [],
            },
        },
        RCall {
            function: RExtractExpression {
                left: RIdentifier {
                    name_token: IDENT@66..68 "a" [Newline("\n")] [],
                },
                operator: AT@68..69 "@" [] [],
                right: RIdentifier {
                    name_token: IDENT@69..70 "b" [] [],
                },
            },
            arguments: RCallArguments {
                l_paren_token: L_PAREN@70..71 "(" [] [],
                items: RArgumentList [],
                r_paren_token: R_PAREN@71..72 ")" [] [],
            },
        },
        RExtractExpression {
            left: RIdentifier {
                name_token: IDENT@72..75 "a" [Newline("\n"), Newline("\n")] [],
            },
            operator: DOLLAR@75..76 "$" [] [],
            right: RDots {
                value_token: DOTS@76..79 "..." [] [],
            },
        },
        RExtractExpression {
            left: RIdentifier {
                name_token: IDENT@79..81 "a" [Newline("\n")] [],
            },
            operator: AT@81..82 "@" [] [],
            right: RDots {
                value_token: DOTS@82..85 "..." [] [],
            },
        },
        RExtractExpression {
            left: RIdentifier {
                name_token: IDENT@85..88 "a" [Newline("\n"), Newline("\n")] [],
            },
            operator: DOLLAR@88..89 "$" [] [],
            right: RDotDotI {
                value_token: DOTDOTI@89..92 "..1" [] [],
            },
        },
        RExtractExpression {
            left: RIdentifier {
                name_token: IDENT@92..94 "a" [Newline("\n")] [],
            },
            operator: AT@94..95 "@" [] [],
            right: RDotDotI {
                value_token: DOTDOTI@95..98 "..1" [] [],
            },
        },
        RExtractExpression {
            left: RIdentifier {
                name_token: IDENT@98..101 "a" [Newline("\n"), Newline("\n")] [],
            },
            operator: DOLLAR@101..102 "$" [] [],
            right: RDotDotI {
                value_token: DOTDOTI@102..106 "..10" [] [],
            },
        },
        RExtractExpression {
            left: RIdentifier {
                name_token: IDENT@106..108 "a" [Newline("\n")] [],
            },
            operator: AT@108..109 "@" [] [],
            right: RDotDotI {
                value_token: DOTDOTI@109..113 "..10" [] [],
            },
        },
    ],
    eof_token: EOF@113..114 "" [Newline("\n")] [],
}
```

## CST

```
0: R_ROOT@0..114
  0: (empty)
  1: R_EXPRESSION_LIST@0..113
    0: R_EXTRACT_EXPRESSION@0..3
      0: R_IDENTIFIER@0..1
        0: IDENT@0..1 "a" [] []
      1: DOLLAR@1..2 "$" [] []
      2: R_IDENTIFIER@2..3
        0: IDENT@2..3 "b" [] []
    1: R_EXTRACT_EXPRESSION@3..7
      0: R_IDENTIFIER@3..5
        0: IDENT@3..5 "a" [Newline("\n")] []
      1: AT@5..6 "@" [] []
      2: R_IDENTIFIER@6..7
        0: IDENT@6..7 "b" [] []
    2: R_EXTRACT_EXPRESSION@7..14
      0: R_IDENTIFIER@7..10
        0: IDENT@7..10 "a" [Newline("\n"), Newline("\n")] []
      1: DOLLAR@10..11 "$" [] []
      2: R_IDENTIFIER@11..14
        0: IDENT@11..14 "`b`" [] []
    3: R_EXTRACT_EXPRESSION@14..20
      0: R_IDENTIFIER@14..16
        0: IDENT@14..16 "a" [Newline("\n")] []
      1: AT@16..17 "@" [] []
      2: R_IDENTIFIER@17..20
        0: IDENT@17..20 "`b`" [] []
    4: R_EXTRACT_EXPRESSION@20..27
      0: R_IDENTIFIER@20..23
        0: IDENT@20..23 "a" [Newline("\n"), Newline("\n")] []
      1: DOLLAR@23..24 "$" [] []
      2: R_STRING_VALUE@24..27
        0: R_STRING_LITERAL@24..27 "\"b\"" [] []
    5: R_EXTRACT_EXPRESSION@27..33
      0: R_IDENTIFIER@27..29
        0: IDENT@27..29 "a" [Newline("\n")] []
      1: AT@29..30 "@" [] []
      2: R_STRING_VALUE@30..33
        0: R_STRING_LITERAL@30..33 "\"b\"" [] []
    6: R_EXTRACT_EXPRESSION@33..40
      0: R_CALL@33..38
        0: R_IDENTIFIER@33..36
          0: IDENT@33..36 "a" [Newline("\n"), Newline("\n")] []
        1: R_CALL_ARGUMENTS@36..38
          0: L_PAREN@36..37 "(" [] []
          1: R_ARGUMENT_LIST@37..37
          2: R_PAREN@37..38 ")" [] []
      1: DOLLAR@38..39 "$" [] []
      2: R_IDENTIFIER@39..40
        0: IDENT@39..40 "b" [] []
    7: R_EXTRACT_EXPRESSION@40..46
      0: R_CALL@40..44
        0: R_IDENTIFIER@40..42
          0: IDENT@40..42 "a" [Newline("\n")] []
        1: R_CALL_ARGUMENTS@42..44
          0: L_PAREN@42..43 "(" [] []
          1: R_ARGUMENT_LIST@43..43
          2: R_PAREN@43..44 ")" [] []
      1: AT@44..45 "@" [] []
      2: R_IDENTIFIER@45..46
        0: IDENT@45..46 "b" [] []
    8: R_EXTRACT_EXPRESSION@46..53
      0: R_EXTRACT_EXPRESSION@46..51
        0: R_IDENTIFIER@46..49
          0: IDENT@46..49 "a" [Newline("\n"), Newline("\n")] []
        1: DOLLAR@49..50 "$" [] []
        2: R_IDENTIFIER@50..51
          0: IDENT@50..51 "b" [] []
      1: DOLLAR@51..52 "$" [] []
      2: R_IDENTIFIER@52..53
        0: IDENT@52..53 "c" [] []
    9: R_EXTRACT_EXPRESSION@53..59
      0: R_EXTRACT_EXPRESSION@53..57
        0: R_IDENTIFIER@53..55
          0: IDENT@53..55 "a" [Newline("\n")] []
        1: AT@55..56 "@" [] []
        2: R_IDENTIFIER@56..57
          0: IDENT@56..57 "b" [] []
      1: AT@57..58 "@" [] []
      2: R_IDENTIFIER@58..59
        0: IDENT@58..59 "c" [] []
    10: R_CALL@59..66
      0: R_EXTRACT_EXPRESSION@59..64
        0: R_IDENTIFIER@59..62
          0: IDENT@59..62 "a" [Newline("\n"), Newline("\n")] []
        1: DOLLAR@62..63 "$" [] []
        2: R_IDENTIFIER@63..64
          0: IDENT@63..64 "b" [] []
      1: R_CALL_ARGUMENTS@64..66
        0: L_PAREN@64..65 "(" [] []
        1: R_ARGUMENT_LIST@65..65
        2: R_PAREN@65..66 ")" [] []
    11: R_CALL@66..72
      0: R_EXTRACT_EXPRESSION@66..70
        0: R_IDENTIFIER@66..68
          0: IDENT@66..68 "a" [Newline("\n")] []
        1: AT@68..69 "@" [] []
        2: R_IDENTIFIER@69..70
          0: IDENT@69..70 "b" [] []
      1: R_CALL_ARGUMENTS@70..72
        0: L_PAREN@70..71 "(" [] []
        1: R_ARGUMENT_LIST@71..71
        2: R_PAREN@71..72 ")" [] []
    12: R_EXTRACT_EXPRESSION@72..79
      0: R_IDENTIFIER@72..75
        0: IDENT@72..75 "a" [Newline("\n"), Newline("\n")] []
      1: DOLLAR@75..76 "$" [] []
      2: R_DOTS@76..79
        0: DOTS@76..79 "..." [] []
    13: R_EXTRACT_EXPRESSION@79..85
      0: R_IDENTIFIER@79..81
        0: IDENT@79..81 "a" [Newline("\n")] []
      1: AT@81..82 "@" [] []
      2: R_DOTS@82..85
        0: DOTS@82..85 "..." [] []
    14: R_EXTRACT_EXPRESSION@85..92
      0: R_IDENTIFIER@85..88
        0: IDENT@85..88 "a" [Newline("\n"), Newline("\n")] []
      1: DOLLAR@88..89 "$" [] []
      2: R_DOT_DOT_I@89..92
        0: DOTDOTI@89..92 "..1" [] []
    15: R_EXTRACT_EXPRESSION@92..98
      0: R_IDENTIFIER@92..94
        0: IDENT@92..94 "a" [Newline("\n")] []
      1: AT@94..95 "@" [] []
      2: R_DOT_DOT_I@95..98
        0: DOTDOTI@95..98 "..1" [] []
    16: R_EXTRACT_EXPRESSION@98..106
      0: R_IDENTIFIER@98..101
        0: IDENT@98..101 "a" [Newline("\n"), Newline("\n")] []
      1: DOLLAR@101..102 "$" [] []
      2: R_DOT_DOT_I@102..106
        0: DOTDOTI@102..106 "..10" [] []
    17: R_EXTRACT_EXPRESSION@106..113
      0: R_IDENTIFIER@106..108
        0: IDENT@106..108 "a" [Newline("\n")] []
      1: AT@108..109 "@" [] []
      2: R_DOT_DOT_I@109..113
        0: DOTDOTI@109..113 "..10" [] []
  2: EOF@113..114 "" [Newline("\n")] []

```
