---
source: crates/air_r_parser/tests/spec_test.rs
expression: snapshot
---
## Input

```R
break
next
TRUE
FALSE
NULL
Inf
NaN
NA
NA_integer_
NA_real_
NA_complex_
NA_character_

```


## AST

```
RRoot {
    bom_token: missing (optional),
    expressions: RExpressionList [
        RBreakExpression {
            break_token: BREAK_KW@0..5 "break" [] [],
        },
        RNextExpression {
            next_token: NEXT_KW@5..10 "next" [Newline("\n")] [],
        },
        RTrueExpression {
            true_token: TRUE_KW@10..15 "TRUE" [Newline("\n")] [],
        },
        RFalseExpression {
            false_token: FALSE_KW@15..21 "FALSE" [Newline("\n")] [],
        },
        RNullExpression {
            null_token: NULL_KW@21..26 "NULL" [Newline("\n")] [],
        },
        RInfExpression {
            inf_token: INF_KW@26..30 "Inf" [Newline("\n")] [],
        },
        RNanExpression {
            nan_token: NAN_KW@30..34 "NaN" [Newline("\n")] [],
        },
        RNaExpression {
            value: NA_LOGICAL_KW@34..37 "NA" [Newline("\n")] [],
        },
        RNaExpression {
            value: NA_INTEGER_KW@37..49 "NA_integer_" [Newline("\n")] [],
        },
        RNaExpression {
            value: NA_DOUBLE_KW@49..58 "NA_real_" [Newline("\n")] [],
        },
        RNaExpression {
            value: NA_COMPLEX_KW@58..70 "NA_complex_" [Newline("\n")] [],
        },
        RNaExpression {
            value: NA_CHARACTER_KW@70..84 "NA_character_" [Newline("\n")] [],
        },
    ],
    eof_token: EOF@84..85 "" [Newline("\n")] [],
}
```

## CST

```
0: R_ROOT@0..85
  0: (empty)
  1: R_EXPRESSION_LIST@0..84
    0: R_BREAK_EXPRESSION@0..5
      0: BREAK_KW@0..5 "break" [] []
    1: R_NEXT_EXPRESSION@5..10
      0: NEXT_KW@5..10 "next" [Newline("\n")] []
    2: R_TRUE_EXPRESSION@10..15
      0: TRUE_KW@10..15 "TRUE" [Newline("\n")] []
    3: R_FALSE_EXPRESSION@15..21
      0: FALSE_KW@15..21 "FALSE" [Newline("\n")] []
    4: R_NULL_EXPRESSION@21..26
      0: NULL_KW@21..26 "NULL" [Newline("\n")] []
    5: R_INF_EXPRESSION@26..30
      0: INF_KW@26..30 "Inf" [Newline("\n")] []
    6: R_NAN_EXPRESSION@30..34
      0: NAN_KW@30..34 "NaN" [Newline("\n")] []
    7: R_NA_EXPRESSION@34..37
      0: NA_LOGICAL_KW@34..37 "NA" [Newline("\n")] []
    8: R_NA_EXPRESSION@37..49
      0: NA_INTEGER_KW@37..49 "NA_integer_" [Newline("\n")] []
    9: R_NA_EXPRESSION@49..58
      0: NA_DOUBLE_KW@49..58 "NA_real_" [Newline("\n")] []
    10: R_NA_EXPRESSION@58..70
      0: NA_COMPLEX_KW@58..70 "NA_complex_" [Newline("\n")] []
    11: R_NA_EXPRESSION@70..84
      0: NA_CHARACTER_KW@70..84 "NA_character_" [Newline("\n")] []
  2: EOF@84..85 "" [Newline("\n")] []

```
