---
source: crates/air_formatter_test/src/snapshot_builder.rs
info: r/roxygen/examples_no_double_empty_line.R
---
# Input

```R
#| [format]
#| roxygen-examples = true

# Want to preserve exactly 1 empty line here. We have special code to preserve
# the `first` and `last` empty blank lines if they exist, but if they correspond
# to the same line, we don't want to preserve it twice!
#' @examples
#'
#' @returns
#' Something
foo <- function() {
  1
}

```


=============================

# Outputs

## Output 1

-----
Indent style: Space
Indent width: 2
Line ending: LF
Line width: 80
Persistent line breaks: Respect
Roxygen examples: Enabled
Assignment style: Arrow
Table: fcase, tribble
-----

```R
#| [format]
#| roxygen-examples = true

# Want to preserve exactly 1 empty line here. We have special code to preserve
# the `first` and `last` empty blank lines if they exist, but if they correspond
# to the same line, we don't want to preserve it twice!
#' @examples
#'
#' @returns
#' Something
foo <- function() {
  1
}
```
