---
source: crates/air_formatter_test/src/snapshot_builder.rs
info: r/roxygen/examples_leading_newline.R
---
# Input

```R
#| [format]
#| roxygen-examples = true

#' @examples
#'
#' 1+1 
foo <- function() {
  1
}

#' @examples
#' 
#'
#' 1+1
foo <- function() {
  1
}

# The blank lines after `@examplesIf` and `@examples` here are required for
# correct readibility
#' @examples
#' fn(1)
#' fn(2)
#' @examplesIf has_pkg()
#'
#' # `fn(2)` works with pkg
#' pkg::this(fn(2))
#' @examples
#'
#' # Another feature
#' another_demo(fn(3))
fn <- function(x) {
  x
}

```


=============================

# Outputs

## Output 1

-----
Indent style: Space
Indent width: 2
Line ending: LF
Line width: 80
Persistent line breaks: Respect
Roxygen examples: Enabled
Assignment style: Arrow
Table: fcase, tribble
-----

```R
#| [format]
#| roxygen-examples = true

#' @examples
#'
#' 1 + 1
foo <- function() {
  1
}

#' @examples
#'
#' 1 + 1
foo <- function() {
  1
}

# The blank lines after `@examplesIf` and `@examples` here are required for
# correct readibility
#' @examples
#' fn(1)
#' fn(2)
#' @examplesIf has_pkg()
#'
#' # `fn(2)` works with pkg
#' pkg::this(fn(2))
#' @examples
#'
#' # Another feature
#' another_demo(fn(3))
fn <- function(x) {
  x
}
```
