---
source: crates/air_formatter_test/src/snapshot_builder.rs
info: r/value/complex_value.R
---
# Input

```R
1i
2.5i
1e6i
0x123Fi

```


=============================

# Outputs

## Output 1

-----
Indent style: Space
Indent width: 2
Line ending: LF
Line width: 80
Persistent line breaks: Respect
-----

```R
1i
2.5i
1e6i
0x123Fi
```
