---
source: crates/air_r_parser/tests/spec_test.rs
expression: snapshot
---
## Input

```R
1i
2.5i
1e6i
0x123Fi

```


## AST

```
RRoot {
    bom_token: missing (optional),
    expressions: RExpressionList [
        RComplexValue {
            value_token: R_COMPLEX_LITERAL@0..2 "1i" [] [],
        },
        RComplexValue {
            value_token: R_COMPLEX_LITERAL@2..7 "2.5i" [Newline("\n")] [],
        },
        RComplexValue {
            value_token: R_COMPLEX_LITERAL@7..12 "1e6i" [Newline("\n")] [],
        },
        RComplexValue {
            value_token: R_COMPLEX_LITERAL@12..20 "0x123Fi" [Newline("\n")] [],
        },
    ],
    eof_token: EOF@20..21 "" [Newline("\n")] [],
}
```

## CST

```
0: R_ROOT@0..21
  0: (empty)
  1: R_EXPRESSION_LIST@0..20
    0: R_COMPLEX_VALUE@0..2
      0: R_COMPLEX_LITERAL@0..2 "1i" [] []
    1: R_COMPLEX_VALUE@2..7
      0: R_COMPLEX_LITERAL@2..7 "2.5i" [Newline("\n")] []
    2: R_COMPLEX_VALUE@7..12
      0: R_COMPLEX_LITERAL@7..12 "1e6i" [Newline("\n")] []
    3: R_COMPLEX_VALUE@12..20
      0: R_COMPLEX_LITERAL@12..20 "0x123Fi" [Newline("\n")] []
  2: EOF@20..21 "" [Newline("\n")] []

```
