---
source: crates/air_r_parser/tests/spec_test.rs
expression: snapshot
---
## Input

```R
1
2.5
1e6
0x123F

# https://github.com/r-lib/tree-sitter-r/pull/198
.1

# Hexadecimal
# `x` vs `X`
0x123
0X123
# Numbers and letters
0xDEAD
0XDEAD
0x1f2F3
0X1f2F3
# `p` vs `P`
0x0p0
0x0P0
0x0p123
0x0P123
# `+` and `-`
0x0p+0
0x0p-0
0x0p+123
0x0p-123
# Decimal point
0x.
0x1.
0x.1
0x1.1
# Decimal point with exponent
0x.p1
0x1.p1
0x.1p1
0x1.1p1
```


## AST

```
RRoot {
    bom_token: missing (optional),
    expressions: RExpressionList [
        RDoubleValue {
            value_token: R_DOUBLE_LITERAL@0..1 "1" [] [],
        },
        RDoubleValue {
            value_token: R_DOUBLE_LITERAL@1..5 "2.5" [Newline("\n")] [],
        },
        RDoubleValue {
            value_token: R_DOUBLE_LITERAL@5..9 "1e6" [Newline("\n")] [],
        },
        RDoubleValue {
            value_token: R_DOUBLE_LITERAL@9..16 "0x123F" [Newline("\n")] [],
        },
        RDoubleValue {
            value_token: R_DOUBLE_LITERAL@16..70 ".1" [Newline("\n"), Newline("\n"), Comments("# https://github.com/ ..."), Newline("\n")] [],
        },
        RDoubleValue {
            value_token: R_DOUBLE_LITERAL@70..104 "0x123" [Newline("\n"), Newline("\n"), Comments("# Hexadecimal"), Newline("\n"), Comments("# `x` vs `X`"), Newline("\n")] [],
        },
        RDoubleValue {
            value_token: R_DOUBLE_LITERAL@104..110 "0X123" [Newline("\n")] [],
        },
        RDoubleValue {
            value_token: R_DOUBLE_LITERAL@110..139 "0xDEAD" [Newline("\n"), Comments("# Numbers and letters"), Newline("\n")] [],
        },
        RDoubleValue {
            value_token: R_DOUBLE_LITERAL@139..146 "0XDEAD" [Newline("\n")] [],
        },
        RDoubleValue {
            value_token: R_DOUBLE_LITERAL@146..154 "0x1f2F3" [Newline("\n")] [],
        },
        RDoubleValue {
            value_token: R_DOUBLE_LITERAL@154..162 "0X1f2F3" [Newline("\n")] [],
        },
        RDoubleValue {
            value_token: R_DOUBLE_LITERAL@162..181 "0x0p0" [Newline("\n"), Comments("# `p` vs `P`"), Newline("\n")] [],
        },
        RDoubleValue {
            value_token: R_DOUBLE_LITERAL@181..187 "0x0P0" [Newline("\n")] [],
        },
        RDoubleValue {
            value_token: R_DOUBLE_LITERAL@187..195 "0x0p123" [Newline("\n")] [],
        },
        RDoubleValue {
            value_token: R_DOUBLE_LITERAL@195..203 "0x0P123" [Newline("\n")] [],
        },
        RDoubleValue {
            value_token: R_DOUBLE_LITERAL@203..224 "0x0p+0" [Newline("\n"), Comments("# `+` and `-`"), Newline("\n")] [],
        },
        RDoubleValue {
            value_token: R_DOUBLE_LITERAL@224..231 "0x0p-0" [Newline("\n")] [],
        },
        RDoubleValue {
            value_token: R_DOUBLE_LITERAL@231..240 "0x0p+123" [Newline("\n")] [],
        },
        RDoubleValue {
            value_token: R_DOUBLE_LITERAL@240..249 "0x0p-123" [Newline("\n")] [],
        },
        RDoubleValue {
            value_token: R_DOUBLE_LITERAL@249..269 "0x." [Newline("\n"), Comments("# Decimal point"), Newline("\n")] [],
        },
        RDoubleValue {
            value_token: R_DOUBLE_LITERAL@269..274 "0x1." [Newline("\n")] [],
        },
        RDoubleValue {
            value_token: R_DOUBLE_LITERAL@274..279 "0x.1" [Newline("\n")] [],
        },
        RDoubleValue {
            value_token: R_DOUBLE_LITERAL@279..285 "0x1.1" [Newline("\n")] [],
        },
        RDoubleValue {
            value_token: R_DOUBLE_LITERAL@285..321 "0x.p1" [Newline("\n"), Comments("# Decimal point with  ..."), Newline("\n")] [],
        },
        RDoubleValue {
            value_token: R_DOUBLE_LITERAL@321..328 "0x1.p1" [Newline("\n")] [],
        },
        RDoubleValue {
            value_token: R_DOUBLE_LITERAL@328..335 "0x.1p1" [Newline("\n")] [],
        },
        RDoubleValue {
            value_token: R_DOUBLE_LITERAL@335..343 "0x1.1p1" [Newline("\n")] [],
        },
    ],
    eof_token: EOF@343..343 "" [] [],
}
```

## CST

```
0: R_ROOT@0..343
  0: (empty)
  1: R_EXPRESSION_LIST@0..343
    0: R_DOUBLE_VALUE@0..1
      0: R_DOUBLE_LITERAL@0..1 "1" [] []
    1: R_DOUBLE_VALUE@1..5
      0: R_DOUBLE_LITERAL@1..5 "2.5" [Newline("\n")] []
    2: R_DOUBLE_VALUE@5..9
      0: R_DOUBLE_LITERAL@5..9 "1e6" [Newline("\n")] []
    3: R_DOUBLE_VALUE@9..16
      0: R_DOUBLE_LITERAL@9..16 "0x123F" [Newline("\n")] []
    4: R_DOUBLE_VALUE@16..70
      0: R_DOUBLE_LITERAL@16..70 ".1" [Newline("\n"), Newline("\n"), Comments("# https://github.com/ ..."), Newline("\n")] []
    5: R_DOUBLE_VALUE@70..104
      0: R_DOUBLE_LITERAL@70..104 "0x123" [Newline("\n"), Newline("\n"), Comments("# Hexadecimal"), Newline("\n"), Comments("# `x` vs `X`"), Newline("\n")] []
    6: R_DOUBLE_VALUE@104..110
      0: R_DOUBLE_LITERAL@104..110 "0X123" [Newline("\n")] []
    7: R_DOUBLE_VALUE@110..139
      0: R_DOUBLE_LITERAL@110..139 "0xDEAD" [Newline("\n"), Comments("# Numbers and letters"), Newline("\n")] []
    8: R_DOUBLE_VALUE@139..146
      0: R_DOUBLE_LITERAL@139..146 "0XDEAD" [Newline("\n")] []
    9: R_DOUBLE_VALUE@146..154
      0: R_DOUBLE_LITERAL@146..154 "0x1f2F3" [Newline("\n")] []
    10: R_DOUBLE_VALUE@154..162
      0: R_DOUBLE_LITERAL@154..162 "0X1f2F3" [Newline("\n")] []
    11: R_DOUBLE_VALUE@162..181
      0: R_DOUBLE_LITERAL@162..181 "0x0p0" [Newline("\n"), Comments("# `p` vs `P`"), Newline("\n")] []
    12: R_DOUBLE_VALUE@181..187
      0: R_DOUBLE_LITERAL@181..187 "0x0P0" [Newline("\n")] []
    13: R_DOUBLE_VALUE@187..195
      0: R_DOUBLE_LITERAL@187..195 "0x0p123" [Newline("\n")] []
    14: R_DOUBLE_VALUE@195..203
      0: R_DOUBLE_LITERAL@195..203 "0x0P123" [Newline("\n")] []
    15: R_DOUBLE_VALUE@203..224
      0: R_DOUBLE_LITERAL@203..224 "0x0p+0" [Newline("\n"), Comments("# `+` and `-`"), Newline("\n")] []
    16: R_DOUBLE_VALUE@224..231
      0: R_DOUBLE_LITERAL@224..231 "0x0p-0" [Newline("\n")] []
    17: R_DOUBLE_VALUE@231..240
      0: R_DOUBLE_LITERAL@231..240 "0x0p+123" [Newline("\n")] []
    18: R_DOUBLE_VALUE@240..249
      0: R_DOUBLE_LITERAL@240..249 "0x0p-123" [Newline("\n")] []
    19: R_DOUBLE_VALUE@249..269
      0: R_DOUBLE_LITERAL@249..269 "0x." [Newline("\n"), Comments("# Decimal point"), Newline("\n")] []
    20: R_DOUBLE_VALUE@269..274
      0: R_DOUBLE_LITERAL@269..274 "0x1." [Newline("\n")] []
    21: R_DOUBLE_VALUE@274..279
      0: R_DOUBLE_LITERAL@274..279 "0x.1" [Newline("\n")] []
    22: R_DOUBLE_VALUE@279..285
      0: R_DOUBLE_LITERAL@279..285 "0x1.1" [Newline("\n")] []
    23: R_DOUBLE_VALUE@285..321
      0: R_DOUBLE_LITERAL@285..321 "0x.p1" [Newline("\n"), Comments("# Decimal point with  ..."), Newline("\n")] []
    24: R_DOUBLE_VALUE@321..328
      0: R_DOUBLE_LITERAL@321..328 "0x1.p1" [Newline("\n")] []
    25: R_DOUBLE_VALUE@328..335
      0: R_DOUBLE_LITERAL@328..335 "0x.1p1" [Newline("\n")] []
    26: R_DOUBLE_VALUE@335..343
      0: R_DOUBLE_LITERAL@335..343 "0x1.1p1" [Newline("\n")] []
  2: EOF@343..343 "" [] []

```
