---
source: crates/air_r_parser/tests/spec_test.rs
expression: snapshot
---
## Input

```R
1L
1e5L

```


## AST

```
RRoot {
    bom_token: missing (optional),
    expressions: RExpressionList [
        RIntegerValue {
            value_token: R_INTEGER_LITERAL@0..2 "1L" [] [],
        },
        RIntegerValue {
            value_token: R_INTEGER_LITERAL@2..7 "1e5L" [Newline("\n")] [],
        },
    ],
    eof_token: EOF@7..8 "" [Newline("\n")] [],
}
```

## CST

```
0: R_ROOT@0..8
  0: (empty)
  1: R_EXPRESSION_LIST@0..7
    0: R_INTEGER_VALUE@0..2
      0: R_INTEGER_LITERAL@0..2 "1L" [] []
    1: R_INTEGER_VALUE@2..7
      0: R_INTEGER_LITERAL@2..7 "1e5L" [Newline("\n")] []
  2: EOF@7..8 "" [Newline("\n")] []

```
