---
source: crates/lsp/src/documents.rs
expression: updated_syntax
---
0: R_ROOT@0..10
  0: (empty)
  1: R_EXPRESSION_LIST@0..10
    0: R_CALL@0..10
      0: R_IDENTIFIER@0..3
        0: IDENT@0..3 "foo" [] []
      1: R_CALL_ARGUMENTS@3..10
        0: L_PAREN@3..4 "(" [] []
        1: R_ARGUMENT_LIST@4..9
          0: R_ARGUMENT@4..9
            0: (empty)
            1: R_BINARY_EXPRESSION@4..9
              0: R_DOUBLE_VALUE@4..5
                0: R_DOUBLE_LITERAL@4..5 "1" [] []
              1: PLUS@5..7 "+" [Whitespace(" ")] []
              2: R_DOUBLE_VALUE@7..9
                0: R_DOUBLE_LITERAL@7..9 "2" [Whitespace(" ")] []
        2: R_PAREN@9..10 ")" [] []
  2: EOF@10..10 "" [] []
