---
source: crates/lsp/src/documents.rs
expression: original_syntax
---
0: R_ROOT@0..8
  0: (empty)
  1: R_EXPRESSION_LIST@0..8
    0: R_CALL@0..8
      0: R_IDENTIFIER@0..3
        0: IDENT@0..3 "foo" [] []
      1: R_CALL_ARGUMENTS@3..8
        0: L_PAREN@3..4 "(" [] []
        1: R_ARGUMENT_LIST@4..7
          0: R_ARGUMENT@4..7
            0: (empty)
            1: R_IDENTIFIER@4..7
              0: IDENT@4..7 "bar" [] []
        2: R_PAREN@7..8 ")" [] []
  2: EOF@8..8 "" [] []
