---
source: crates/air_formatter_test/src/snapshot_builder.rs
info: r/persistent-line-breaks/binary_expression.R
---
# Input

```R
#' [format]
#' persistent-line-breaks = false

# Fits on one line, flatten
x |>
  foo() |>
  bar()

# Fits on one line, flatten
x <-
  1 + 1

```


=============================

# Outputs

## Output 1

-----
Indent style: Space
Indent width: 2
Line ending: LF
Line width: 80
Persistent line breaks: Ignore
-----

```R
#' [format]
#' persistent-line-breaks = false

# Fits on one line, flatten
x |> foo() |> bar()

# Fits on one line, flatten
x <- 1 + 1
```
