---
source: crates/air/tests/integration/generate_shell_completion.rs
expression: "Command::new(binary_path()).arg(\"generate-shell-completion\").arg(\"bash\").run().normalize_os_executable_name()"
---
success: true
exit_code: 0
----- stdout -----
_air() {
    local i cur prev opts cmd
    COMPREPLY=()
    if [[ "${BASH_VERSINFO[0]}" -ge 4 ]]; then
        cur="$2"
    else
        cur="${COMP_WORDS[COMP_CWORD]}"
    fi
    prev="$3"
    cmd=""
    opts=""

    for i in "${COMP_WORDS[@]:0:COMP_CWORD}"
    do
        case "${cmd},${i}" in
            ",$1")
                cmd="air"
                ;;
            air,format)
                cmd="air__format"
                ;;
            air,generate-shell-completion)
                cmd="air__generate__shell__completion"
                ;;
            air,help)
                cmd="air__help"
                ;;
            air,language-server)
                cmd="air__language__server"
                ;;
            air__help,format)
                cmd="air__help__format"
                ;;
            air__help,generate-shell-completion)
                cmd="air__help__generate__shell__completion"
                ;;
            air__help,help)
                cmd="air__help__help"
                ;;
            air__help,language-server)
                cmd="air__help__language__server"
                ;;
            *)
                ;;
        esac
    done

    case "${cmd}" in
        air)
            opts="-h -V --log-level --no-color --help --version format language-server generate-shell-completion help"
            if [[ ${cur} == -* || ${COMP_CWORD} -eq 1 ]] ; then
                COMPREPLY=( $(compgen -W "${opts}" -- "${cur}") )
                return 0
            fi
            case "${prev}" in
                --log-level)
                    COMPREPLY=($(compgen -W "error warn info debug trace" -- "${cur}"))
                    return 0
                    ;;
                *)
                    COMPREPLY=()
                    ;;
            esac
            COMPREPLY=( $(compgen -W "${opts}" -- "${cur}") )
            return 0
            ;;
        air__format)
            opts="-h --check --log-level --no-color --help [PATHS]..."
            if [[ ${cur} == -* || ${COMP_CWORD} -eq 2 ]] ; then
                COMPREPLY=( $(compgen -W "${opts}" -- "${cur}") )
                return 0
            fi
            case "${prev}" in
                --log-level)
                    COMPREPLY=($(compgen -W "error warn info debug trace" -- "${cur}"))
                    return 0
                    ;;
                *)
                    COMPREPLY=()
                    ;;
            esac
            COMPREPLY=( $(compgen -W "${opts}" -- "${cur}") )
            return 0
            ;;
        air__generate__shell__completion)
            opts="-h --log-level --no-color --help bash elvish fish powershell zsh"
            if [[ ${cur} == -* || ${COMP_CWORD} -eq 2 ]] ; then
                COMPREPLY=( $(compgen -W "${opts}" -- "${cur}") )
                return 0
            fi
            case "${prev}" in
                --log-level)
                    COMPREPLY=($(compgen -W "error warn info debug trace" -- "${cur}"))
                    return 0
                    ;;
                *)
                    COMPREPLY=()
                    ;;
            esac
            COMPREPLY=( $(compgen -W "${opts}" -- "${cur}") )
            return 0
            ;;
        air__help)
            opts="format language-server generate-shell-completion help"
            if [[ ${cur} == -* || ${COMP_CWORD} -eq 2 ]] ; then
                COMPREPLY=( $(compgen -W "${opts}" -- "${cur}") )
                return 0
            fi
            case "${prev}" in
                *)
                    COMPREPLY=()
                    ;;
            esac
            COMPREPLY=( $(compgen -W "${opts}" -- "${cur}") )
            return 0
            ;;
        air__help__format)
            opts=""
            if [[ ${cur} == -* || ${COMP_CWORD} -eq 3 ]] ; then
                COMPREPLY=( $(compgen -W "${opts}" -- "${cur}") )
                return 0
            fi
            case "${prev}" in
                *)
                    COMPREPLY=()
                    ;;
            esac
            COMPREPLY=( $(compgen -W "${opts}" -- "${cur}") )
            return 0
            ;;
        air__help__generate__shell__completion)
            opts=""
            if [[ ${cur} == -* || ${COMP_CWORD} -eq 3 ]] ; then
                COMPREPLY=( $(compgen -W "${opts}" -- "${cur}") )
                return 0
            fi
            case "${prev}" in
                *)
                    COMPREPLY=()
                    ;;
            esac
            COMPREPLY=( $(compgen -W "${opts}" -- "${cur}") )
            return 0
            ;;
        air__help__help)
            opts=""
            if [[ ${cur} == -* || ${COMP_CWORD} -eq 3 ]] ; then
                COMPREPLY=( $(compgen -W "${opts}" -- "${cur}") )
                return 0
            fi
            case "${prev}" in
                *)
                    COMPREPLY=()
                    ;;
            esac
            COMPREPLY=( $(compgen -W "${opts}" -- "${cur}") )
            return 0
            ;;
        air__help__language__server)
            opts=""
            if [[ ${cur} == -* || ${COMP_CWORD} -eq 3 ]] ; then
                COMPREPLY=( $(compgen -W "${opts}" -- "${cur}") )
                return 0
            fi
            case "${prev}" in
                *)
                    COMPREPLY=()
                    ;;
            esac
            COMPREPLY=( $(compgen -W "${opts}" -- "${cur}") )
            return 0
            ;;
        air__language__server)
            opts="-h --log-level --no-color --help"
            if [[ ${cur} == -* || ${COMP_CWORD} -eq 2 ]] ; then
                COMPREPLY=( $(compgen -W "${opts}" -- "${cur}") )
                return 0
            fi
            case "${prev}" in
                --log-level)
                    COMPREPLY=($(compgen -W "error warn info debug trace" -- "${cur}"))
                    return 0
                    ;;
                *)
                    COMPREPLY=()
                    ;;
            esac
            COMPREPLY=( $(compgen -W "${opts}" -- "${cur}") )
            return 0
            ;;
    esac
}

if [[ "${BASH_VERSINFO[0]}" -eq 4 && "${BASH_VERSINFO[1]}" -ge 4 || "${BASH_VERSINFO[0]}" -gt 4 ]]; then
    complete -F _air -o nosort -o bashdefault -o default air
else
    complete -F _air -o bashdefault -o default air
fi

----- stderr -----

----- args -----
generate-shell-completion bash
