---
source: crates/air/tests/integration/generate_shell_completion.rs
expression: "Command::new(binary_path()).arg(\"generate-shell-completion\").arg(\"fish\").run().normalize_os_executable_name()"
---
success: true
exit_code: 0
----- stdout -----
# Print an optspec for argparse to handle cmd's options that are independent of any subcommand.
function __fish_air_global_optspecs
	string join \n log-level= no-color h/help V/version
end

function __fish_air_needs_command
	# Figure out if the current invocation already has a command.
	set -l cmd (commandline -opc)
	set -e cmd[1]
	argparse -s (__fish_air_global_optspecs) -- $cmd 2>/dev/null
	or return
	if set -q argv[1]
		# Also print the command, so this can be used to figure out what it is.
		echo $argv[1]
		return 1
	end
	return 0
end

function __fish_air_using_subcommand
	set -l cmd (__fish_air_needs_command)
	test -z "$cmd"
	and return 1
	contains -- $cmd[1] $argv
end

complete -c air -n "__fish_air_needs_command" -l log-level -d 'The log level [default: warn]' -r -f -a "error\t''
warn\t''
info\t''
debug\t''
trace\t''"
complete -c air -n "__fish_air_needs_command" -l no-color -d 'Disable colored output. To turn colored output off, either set this option or set the environment variable `NO_COLOR` to any non-zero value'
complete -c air -n "__fish_air_needs_command" -s h -l help -d 'Print help'
complete -c air -n "__fish_air_needs_command" -s V -l version -d 'Print version'
complete -c air -n "__fish_air_needs_command" -f -a "format" -d 'Format a set of files or directories'
complete -c air -n "__fish_air_needs_command" -f -a "language-server" -d 'Start a language server'
complete -c air -n "__fish_air_needs_command" -f -a "generate-shell-completion" -d 'Generate shell completion scripts'
complete -c air -n "__fish_air_needs_command" -f -a "help" -d 'Print this message or the help of the given subcommand(s)'
complete -c air -n "__fish_air_using_subcommand format" -l stdin-file-path -d 'Use this option to enable reading from stdin and writing to stdout. This specifies a file path to associate the standard input with, which is used as the location to begin searching for configuration files from. The file does not have to exist and will not be read from. If a relative path is provided, it is resolved from the current working directory. If this option is specified, no other files or directories can be provided' -r -F
complete -c air -n "__fish_air_using_subcommand format" -l log-level -d 'The log level [default: warn]' -r -f -a "error\t''
warn\t''
info\t''
debug\t''
trace\t''"
complete -c air -n "__fish_air_using_subcommand format" -l check -d 'If enabled, format results are not written back to the file. Instead, exit with a non-zero status code if any files would have been modified, and zero otherwise'
complete -c air -n "__fish_air_using_subcommand format" -l force -d 'Force formatting to occur regardless of exclusion patterns. This applies recursively to directories. This serves as an escape hatch for cases like `air format r-code.txt --force`, but is very rarely needed'
complete -c air -n "__fish_air_using_subcommand format" -l no-color -d 'Disable colored output. To turn colored output off, either set this option or set the environment variable `NO_COLOR` to any non-zero value'
complete -c air -n "__fish_air_using_subcommand format" -s h -l help -d 'Print help'
complete -c air -n "__fish_air_using_subcommand language-server" -l log-level -d 'The log level [default: warn]' -r -f -a "error\t''
warn\t''
info\t''
debug\t''
trace\t''"
complete -c air -n "__fish_air_using_subcommand language-server" -l no-color -d 'Disable colored output. To turn colored output off, either set this option or set the environment variable `NO_COLOR` to any non-zero value'
complete -c air -n "__fish_air_using_subcommand language-server" -s h -l help -d 'Print help'
complete -c air -n "__fish_air_using_subcommand generate-shell-completion" -l log-level -d 'The log level [default: warn]' -r -f -a "error\t''
warn\t''
info\t''
debug\t''
trace\t''"
complete -c air -n "__fish_air_using_subcommand generate-shell-completion" -l no-color -d 'Disable colored output. To turn colored output off, either set this option or set the environment variable `NO_COLOR` to any non-zero value'
complete -c air -n "__fish_air_using_subcommand generate-shell-completion" -s h -l help -d 'Print help'
complete -c air -n "__fish_air_using_subcommand help; and not __fish_seen_subcommand_from format language-server generate-shell-completion help" -f -a "format" -d 'Format a set of files or directories'
complete -c air -n "__fish_air_using_subcommand help; and not __fish_seen_subcommand_from format language-server generate-shell-completion help" -f -a "language-server" -d 'Start a language server'
complete -c air -n "__fish_air_using_subcommand help; and not __fish_seen_subcommand_from format language-server generate-shell-completion help" -f -a "generate-shell-completion" -d 'Generate shell completion scripts'
complete -c air -n "__fish_air_using_subcommand help; and not __fish_seen_subcommand_from format language-server generate-shell-completion help" -f -a "help" -d 'Print this message or the help of the given subcommand(s)'

----- stderr -----

----- args -----
generate-shell-completion fish
